// Jest Snapshot v1, https://goo.gl/fbAQLP

exports[`Navigation test will test if Navigation is rendering correctly 1`] = `
Object {
  "asFragment": [Function],
  "baseElement": <body>
    <div>
      <div
        class="MuiBox-root css-14u9nbj"
      >
        <a
          aria-current="page"
          class="back-arrow active"
          href="/"
        >
           
          <svg
            class="back-arrow"
            fill="currentColor"
            height="25"
            stroke="currentColor"
            stroke-width="0"
            viewBox="0 0 512 512"
            width="25"
            xmlns="http://www.w3.org/2000/svg"
          >
            <path
              d="M328 112L184 256l144 144"
              fill="none"
              stroke-linecap="round"
              stroke-linejoin="round"
              stroke-width="48"
            />
          </svg>
        </a>
        <a
          aria-current="page"
          class="heading active"
          href="/"
        >
          <h2>
            countries stats
          </h2>
        </a>
        <div
          class="MuiBox-root css-1wt4kwh"
        >
          <svg
            fill="currentColor"
            height="15"
            stroke="currentColor"
            stroke-width="0"
            viewBox="0 0 256 256"
            width="15"
            xmlns="http://www.w3.org/2000/svg"
          >
            <path
              d="M80,128V64a48,48,0,0,1,96,0v64a48,48,0,0,1-96,0Zm128,0a8,8,0,0,0-16,0,64,64,0,0,1-128,0,8,8,0,0,0-16,0,80.11,80.11,0,0,0,72,79.6V232a8,8,0,0,0,16,0V207.6A80.11,80.11,0,0,0,208,128Z"
            />
          </svg>
          <svg
            fill="currentColor"
            height="15"
            stroke="currentColor"
            stroke-width="0"
            viewBox="0 0 512 512"
            width="15"
            xmlns="http://www.w3.org/2000/svg"
          >
            <path
              d="M495.9 166.6c3.2 8.7 .5 18.4-6.4 24.6l-43.3 39.4c1.1 8.3 1.7 16.8 1.7 25.4s-.6 17.1-1.7 25.4l43.3 39.4c6.9 6.2 9.6 15.9 6.4 24.6c-4.4 11.9-9.7 23.3-15.8 34.3l-4.7 8.1c-6.6 11-14 21.4-22.1 31.2c-5.9 7.2-15.7 9.6-24.5 6.8l-55.7-17.7c-13.4 10.3-28.2 18.9-44 25.4l-12.5 57.1c-2 9.1-9 16.3-18.2 17.8c-13.8 2.3-28 3.5-42.5 3.5s-28.7-1.2-42.5-3.5c-9.2-1.5-16.2-8.7-18.2-17.8l-12.5-57.1c-15.8-6.5-30.6-15.1-44-25.4L83.1 425.9c-8.8 2.8-18.6 .3-24.5-6.8c-8.1-9.8-15.5-20.2-22.1-31.2l-4.7-8.1c-6.1-11-11.4-22.4-15.8-34.3c-3.2-8.7-.5-18.4 6.4-24.6l43.3-39.4C64.6 273.1 64 264.6 64 256s.6-17.1 1.7-25.4L22.4 191.2c-6.9-6.2-9.6-15.9-6.4-24.6c4.4-11.9 9.7-23.3 15.8-34.3l4.7-8.1c6.6-11 14-21.4 22.1-31.2c5.9-7.2 15.7-9.6 24.5-6.8l55.7 17.7c13.4-10.3 28.2-18.9 44-25.4l12.5-57.1c2-9.1 9-16.3 18.2-17.8C227.3 1.2 241.5 0 256 0s28.7 1.2 42.5 3.5c9.2 1.5 16.2 8.7 18.2 17.8l12.5 57.1c15.8 6.5 30.6 15.1 44 25.4l55.7-17.7c8.8-2.8 18.6-.3 24.5 6.8c8.1 9.8 15.5 20.2 22.1 31.2l4.7 8.1c6.1 11 11.4 22.4 15.8 34.3zM256 336a80 80 0 1 0 0-160 80 80 0 1 0 0 160z"
            />
          </svg>
        </div>
      </div>
    </div>
  </body>,
  "container": <div>
    <div
      class="MuiBox-root css-14u9nbj"
    >
      <a
        aria-current="page"
        class="back-arrow active"
        href="/"
      >
         
        <svg
          class="back-arrow"
          fill="currentColor"
          height="25"
          stroke="currentColor"
          stroke-width="0"
          viewBox="0 0 512 512"
          width="25"
          xmlns="http://www.w3.org/2000/svg"
        >
          <path
            d="M328 112L184 256l144 144"
            fill="none"
            stroke-linecap="round"
            stroke-linejoin="round"
            stroke-width="48"
          />
        </svg>
      </a>
      <a
        aria-current="page"
        class="heading active"
        href="/"
      >
        <h2>
          countries stats
        </h2>
      </a>
      <div
        class="MuiBox-root css-1wt4kwh"
      >
        <svg
          fill="currentColor"
          height="15"
          stroke="currentColor"
          stroke-width="0"
          viewBox="0 0 256 256"
          width="15"
          xmlns="http://www.w3.org/2000/svg"
        >
          <path
            d="M80,128V64a48,48,0,0,1,96,0v64a48,48,0,0,1-96,0Zm128,0a8,8,0,0,0-16,0,64,64,0,0,1-128,0,8,8,0,0,0-16,0,80.11,80.11,0,0,0,72,79.6V232a8,8,0,0,0,16,0V207.6A80.11,80.11,0,0,0,208,128Z"
          />
        </svg>
        <svg
          fill="currentColor"
          height="15"
          stroke="currentColor"
          stroke-width="0"
          viewBox="0 0 512 512"
          width="15"
          xmlns="http://www.w3.org/2000/svg"
        >
          <path
            d="M495.9 166.6c3.2 8.7 .5 18.4-6.4 24.6l-43.3 39.4c1.1 8.3 1.7 16.8 1.7 25.4s-.6 17.1-1.7 25.4l43.3 39.4c6.9 6.2 9.6 15.9 6.4 24.6c-4.4 11.9-9.7 23.3-15.8 34.3l-4.7 8.1c-6.6 11-14 21.4-22.1 31.2c-5.9 7.2-15.7 9.6-24.5 6.8l-55.7-17.7c-13.4 10.3-28.2 18.9-44 25.4l-12.5 57.1c-2 9.1-9 16.3-18.2 17.8c-13.8 2.3-28 3.5-42.5 3.5s-28.7-1.2-42.5-3.5c-9.2-1.5-16.2-8.7-18.2-17.8l-12.5-57.1c-15.8-6.5-30.6-15.1-44-25.4L83.1 425.9c-8.8 2.8-18.6 .3-24.5-6.8c-8.1-9.8-15.5-20.2-22.1-31.2l-4.7-8.1c-6.1-11-11.4-22.4-15.8-34.3c-3.2-8.7-.5-18.4 6.4-24.6l43.3-39.4C64.6 273.1 64 264.6 64 256s.6-17.1 1.7-25.4L22.4 191.2c-6.9-6.2-9.6-15.9-6.4-24.6c4.4-11.9 9.7-23.3 15.8-34.3l4.7-8.1c6.6-11 14-21.4 22.1-31.2c5.9-7.2 15.7-9.6 24.5-6.8l55.7 17.7c13.4-10.3 28.2-18.9 44-25.4l12.5-57.1c2-9.1 9-16.3 18.2-17.8C227.3 1.2 241.5 0 256 0s28.7 1.2 42.5 3.5c9.2 1.5 16.2 8.7 18.2 17.8l12.5 57.1c15.8 6.5 30.6 15.1 44 25.4l55.7-17.7c8.8-2.8 18.6-.3 24.5 6.8c8.1 9.8 15.5 20.2 22.1 31.2l4.7 8.1c6.1 11 11.4 22.4 15.8 34.3zM256 336a80 80 0 1 0 0-160 80 80 0 1 0 0 160z"
          />
        </svg>
      </div>
    </div>
  </div>,
  "debug": [Function],
  "findAllByAltText": [Function],
  "findAllByDisplayValue": [Function],
  "findAllByLabelText": [Function],
  "findAllByPlaceholderText": [Function],
  "findAllByRole": [Function],
  "findAllByTestId": [Function],
  "findAllByText": [Function],
  "findAllByTitle": [Function],
  "findByAltText": [Function],
  "findByDisplayValue": [Function],
  "findByLabelText": [Function],
  "findByPlaceholderText": [Function],
  "findByRole": [Function],
  "findByTestId": [Function],
  "findByText": [Function],
  "findByTitle": [Function],
  "getAllByAltText": [Function],
  "getAllByDisplayValue": [Function],
  "getAllByLabelText": [Function],
  "getAllByPlaceholderText": [Function],
  "getAllByRole": [Function],
  "getAllByTestId": [Function],
  "getAllByText": [Function],
  "getAllByTitle": [Function],
  "getByAltText": [Function],
  "getByDisplayValue": [Function],
  "getByLabelText": [Function],
  "getByPlaceholderText": [Function],
  "getByRole": [Function],
  "getByTestId": [Function],
  "getByText": [Function],
  "getByTitle": [Function],
  "queryAllByAltText": [Function],
  "queryAllByDisplayValue": [Function],
  "queryAllByLabelText": [Function],
  "queryAllByPlaceholderText": [Function],
  "queryAllByRole": [Function],
  "queryAllByTestId": [Function],
  "queryAllByText": [Function],
  "queryAllByTitle": [Function],
  "queryByAltText": [Function],
  "queryByDisplayValue": [Function],
  "queryByLabelText": [Function],
  "queryByPlaceholderText": [Function],
  "queryByRole": [Function],
  "queryByTestId": [Function],
  "queryByText": [Function],
  "queryByTitle": [Function],
  "rerender": [Function],
  "unmount": [Function],
}
`;

exports[`User Interactions test will test user interaction 1`] = `
Object {
  "asFragment": [Function],
  "baseElement": <body>
    <div>
      <div
        class="MuiBox-root css-14u9nbj"
      >
        <a
          aria-current="page"
          class="back-arrow active"
          href="/"
        >
           
          <svg
            class="back-arrow"
            fill="currentColor"
            height="25"
            stroke="currentColor"
            stroke-width="0"
            viewBox="0 0 512 512"
            width="25"
            xmlns="http://www.w3.org/2000/svg"
          >
            <path
              d="M328 112L184 256l144 144"
              fill="none"
              stroke-linecap="round"
              stroke-linejoin="round"
              stroke-width="48"
            />
          </svg>
        </a>
        <a
          aria-current="page"
          class="heading active"
          href="/"
        >
          <h2>
            countries stats
          </h2>
        </a>
        <div
          class="MuiBox-root css-1wt4kwh"
        >
          <svg
            fill="currentColor"
            height="15"
            stroke="currentColor"
            stroke-width="0"
            viewBox="0 0 256 256"
            width="15"
            xmlns="http://www.w3.org/2000/svg"
          >
            <path
              d="M80,128V64a48,48,0,0,1,96,0v64a48,48,0,0,1-96,0Zm128,0a8,8,0,0,0-16,0,64,64,0,0,1-128,0,8,8,0,0,0-16,0,80.11,80.11,0,0,0,72,79.6V232a8,8,0,0,0,16,0V207.6A80.11,80.11,0,0,0,208,128Z"
            />
          </svg>
          <svg
            fill="currentColor"
            height="15"
            stroke="currentColor"
            stroke-width="0"
            viewBox="0 0 512 512"
            width="15"
            xmlns="http://www.w3.org/2000/svg"
          >
            <path
              d="M495.9 166.6c3.2 8.7 .5 18.4-6.4 24.6l-43.3 39.4c1.1 8.3 1.7 16.8 1.7 25.4s-.6 17.1-1.7 25.4l43.3 39.4c6.9 6.2 9.6 15.9 6.4 24.6c-4.4 11.9-9.7 23.3-15.8 34.3l-4.7 8.1c-6.6 11-14 21.4-22.1 31.2c-5.9 7.2-15.7 9.6-24.5 6.8l-55.7-17.7c-13.4 10.3-28.2 18.9-44 25.4l-12.5 57.1c-2 9.1-9 16.3-18.2 17.8c-13.8 2.3-28 3.5-42.5 3.5s-28.7-1.2-42.5-3.5c-9.2-1.5-16.2-8.7-18.2-17.8l-12.5-57.1c-15.8-6.5-30.6-15.1-44-25.4L83.1 425.9c-8.8 2.8-18.6 .3-24.5-6.8c-8.1-9.8-15.5-20.2-22.1-31.2l-4.7-8.1c-6.1-11-11.4-22.4-15.8-34.3c-3.2-8.7-.5-18.4 6.4-24.6l43.3-39.4C64.6 273.1 64 264.6 64 256s.6-17.1 1.7-25.4L22.4 191.2c-6.9-6.2-9.6-15.9-6.4-24.6c4.4-11.9 9.7-23.3 15.8-34.3l4.7-8.1c6.6-11 14-21.4 22.1-31.2c5.9-7.2 15.7-9.6 24.5-6.8l55.7 17.7c13.4-10.3 28.2-18.9 44-25.4l12.5-57.1c2-9.1 9-16.3 18.2-17.8C227.3 1.2 241.5 0 256 0s28.7 1.2 42.5 3.5c9.2 1.5 16.2 8.7 18.2 17.8l12.5 57.1c15.8 6.5 30.6 15.1 44 25.4l55.7-17.7c8.8-2.8 18.6-.3 24.5 6.8c8.1 9.8 15.5 20.2 22.1 31.2l4.7 8.1c6.1 11 11.4 22.4 15.8 34.3zM256 336a80 80 0 1 0 0-160 80 80 0 1 0 0 160z"
            />
          </svg>
        </div>
      </div>
    </div>
  </body>,
  "container": <div>
    <div
      class="MuiBox-root css-14u9nbj"
    >
      <a
        aria-current="page"
        class="back-arrow active"
        href="/"
      >
         
        <svg
          class="back-arrow"
          fill="currentColor"
          height="25"
          stroke="currentColor"
          stroke-width="0"
          viewBox="0 0 512 512"
          width="25"
          xmlns="http://www.w3.org/2000/svg"
        >
          <path
            d="M328 112L184 256l144 144"
            fill="none"
            stroke-linecap="round"
            stroke-linejoin="round"
            stroke-width="48"
          />
        </svg>
      </a>
      <a
        aria-current="page"
        class="heading active"
        href="/"
      >
        <h2>
          countries stats
        </h2>
      </a>
      <div
        class="MuiBox-root css-1wt4kwh"
      >
        <svg
          fill="currentColor"
          height="15"
          stroke="currentColor"
          stroke-width="0"
          viewBox="0 0 256 256"
          width="15"
          xmlns="http://www.w3.org/2000/svg"
        >
          <path
            d="M80,128V64a48,48,0,0,1,96,0v64a48,48,0,0,1-96,0Zm128,0a8,8,0,0,0-16,0,64,64,0,0,1-128,0,8,8,0,0,0-16,0,80.11,80.11,0,0,0,72,79.6V232a8,8,0,0,0,16,0V207.6A80.11,80.11,0,0,0,208,128Z"
          />
        </svg>
        <svg
          fill="currentColor"
          height="15"
          stroke="currentColor"
          stroke-width="0"
          viewBox="0 0 512 512"
          width="15"
          xmlns="http://www.w3.org/2000/svg"
        >
          <path
            d="M495.9 166.6c3.2 8.7 .5 18.4-6.4 24.6l-43.3 39.4c1.1 8.3 1.7 16.8 1.7 25.4s-.6 17.1-1.7 25.4l43.3 39.4c6.9 6.2 9.6 15.9 6.4 24.6c-4.4 11.9-9.7 23.3-15.8 34.3l-4.7 8.1c-6.6 11-14 21.4-22.1 31.2c-5.9 7.2-15.7 9.6-24.5 6.8l-55.7-17.7c-13.4 10.3-28.2 18.9-44 25.4l-12.5 57.1c-2 9.1-9 16.3-18.2 17.8c-13.8 2.3-28 3.5-42.5 3.5s-28.7-1.2-42.5-3.5c-9.2-1.5-16.2-8.7-18.2-17.8l-12.5-57.1c-15.8-6.5-30.6-15.1-44-25.4L83.1 425.9c-8.8 2.8-18.6 .3-24.5-6.8c-8.1-9.8-15.5-20.2-22.1-31.2l-4.7-8.1c-6.1-11-11.4-22.4-15.8-34.3c-3.2-8.7-.5-18.4 6.4-24.6l43.3-39.4C64.6 273.1 64 264.6 64 256s.6-17.1 1.7-25.4L22.4 191.2c-6.9-6.2-9.6-15.9-6.4-24.6c4.4-11.9 9.7-23.3 15.8-34.3l4.7-8.1c6.6-11 14-21.4 22.1-31.2c5.9-7.2 15.7-9.6 24.5-6.8l55.7 17.7c13.4-10.3 28.2-18.9 44-25.4l12.5-57.1c2-9.1 9-16.3 18.2-17.8C227.3 1.2 241.5 0 256 0s28.7 1.2 42.5 3.5c9.2 1.5 16.2 8.7 18.2 17.8l12.5 57.1c15.8 6.5 30.6 15.1 44 25.4l55.7-17.7c8.8-2.8 18.6-.3 24.5 6.8c8.1 9.8 15.5 20.2 22.1 31.2l4.7 8.1c6.1 11 11.4 22.4 15.8 34.3zM256 336a80 80 0 1 0 0-160 80 80 0 1 0 0 160z"
          />
        </svg>
      </div>
    </div>
  </div>,
  "debug": [Function],
  "findAllByAltText": [Function],
  "findAllByDisplayValue": [Function],
  "findAllByLabelText": [Function],
  "findAllByPlaceholderText": [Function],
  "findAllByRole": [Function],
  "findAllByTestId": [Function],
  "findAllByText": [Function],
  "findAllByTitle": [Function],
  "findByAltText": [Function],
  "findByDisplayValue": [Function],
  "findByLabelText": [Function],
  "findByPlaceholderText": [Function],
  "findByRole": [Function],
  "findByTestId": [Function],
  "findByText": [Function],
  "findByTitle": [Function],
  "getAllByAltText": [Function],
  "getAllByDisplayValue": [Function],
  "getAllByLabelText": [Function],
  "getAllByPlaceholderText": [Function],
  "getAllByRole": [Function],
  "getAllByTestId": [Function],
  "getAllByText": [Function],
  "getAllByTitle": [Function],
  "getByAltText": [Function],
  "getByDisplayValue": [Function],
  "getByLabelText": [Function],
  "getByPlaceholderText": [Function],
  "getByRole": [Function],
  "getByTestId": [Function],
  "getByText": [Function],
  "getByTitle": [Function],
  "queryAllByAltText": [Function],
  "queryAllByDisplayValue": [Function],
  "queryAllByLabelText": [Function],
  "queryAllByPlaceholderText": [Function],
  "queryAllByRole": [Function],
  "queryAllByTestId": [Function],
  "queryAllByText": [Function],
  "queryAllByTitle": [Function],
  "queryByAltText": [Function],
  "queryByDisplayValue": [Function],
  "queryByLabelText": [Function],
  "queryByPlaceholderText": [Function],
  "queryByRole": [Function],
  "queryByTestId": [Function],
  "queryByText": [Function],
  "queryByTitle": [Function],
  "rerender": [Function],
  "unmount": [Function],
}
`;
